mkdir: cannot create directory ‘build’: File exists
CMake Deprecation Warning at CMakeLists.txt:72 (cmake_policy):
  The OLD behavior for policy CMP0022 will be removed from a future version
  of CMake.

  The cmake-policies(7) manual explains that the OLD behaviors of all
  policies are deprecated and that a policy should be set to OLD only under
  specific short-term circumstances.  Projects should be ported to the NEW
  behavior and not rely on setting a policy to OLD.


CMake Deprecation Warning at CMakeLists.txt:77 (cmake_policy):
  The OLD behavior for policy CMP0026 will be removed from a future version
  of CMake.

  The cmake-policies(7) manual explains that the OLD behaviors of all
  policies are deprecated and that a policy should be set to OLD only under
  specific short-term circumstances.  Projects should be ported to the NEW
  behavior and not rely on setting a policy to OLD.


CMake Deprecation Warning at CMakeLists.txt:82 (cmake_policy):
  The OLD behavior for policy CMP0042 will be removed from a future version
  of CMake.

  The cmake-policies(7) manual explains that the OLD behaviors of all
  policies are deprecated and that a policy should be set to OLD only under
  specific short-term circumstances.  Projects should be ported to the NEW
  behavior and not rely on setting a policy to OLD.


-c:1: DeprecationWarning: SO is deprecated, use EXT_SUFFIX
In file included from /usr/include/c++/8/bits/stl_algo.h:59,
                 from /usr/include/c++/8/algorithm:62,
                 from /root/opencv/modules/core/include/opencv2/core/base.hpp:53,
                 from /root/opencv/modules/core/include/opencv2/core.hpp:54,
                 from /root/opencv/modules/imgcodecs/include/opencv2/imgcodecs.hpp:46,
                 from /root/opencv/build/modules/imgcodecs/precomp.hpp:45:
/usr/include/c++/8/cstdlib:75:15: fatal error: stdlib.h: No such file or directory
 #include_next <stdlib.h>
               ^~~~~~~~~~
compilation terminated.
make[2]: *** [modules/imgcodecs/CMakeFiles/pch_Generate_opencv_imgcodecs.dir/build.make:64: modules/imgcodecs/precomp.hpp.gch/opencv_imgcodecs_RELEASE.gch] Error 1
make[1]: *** [CMakeFiles/Makefile2:5619: modules/imgcodecs/CMakeFiles/pch_Generate_opencv_imgcodecs.dir/all] Error 2
make[1]: *** Waiting for unfinished jobs....
In file included from /usr/include/c++/8/bits/stl_algo.h:59,
                 from /usr/include/c++/8/algorithm:62,
                 from /root/opencv/modules/core/include/opencv2/core/base.hpp:53,
                 from /root/opencv/modules/core/include/opencv2/core.hpp:54,
                 from /root/opencv/modules/core/include/opencv2/core/utility.hpp:52,
                 from /root/opencv/build/modules/core/precomp.hpp:49:
/usr/include/c++/8/cstdlib:75:15: fatal error: stdlib.h: No such file or directory
 #include_next <stdlib.h>
               ^~~~~~~~~~
compilation terminated.
make[2]: *** [modules/core/CMakeFiles/pch_Generate_opencv_core.dir/build.make:64: modules/core/precomp.hpp.gch/opencv_core_RELEASE.gch] Error 1
make[1]: *** [CMakeFiles/Makefile2:2284: modules/core/CMakeFiles/pch_Generate_opencv_core.dir/all] Error 2
In file included from /root/opencv/modules/core/include/opencv2/core/hal/intrin.hpp:301,
                 from /root/opencv/build/modules/core/test_precomp.hpp:19:
/root/opencv/modules/core/include/opencv2/core/hal/intrin_cpp.hpp: In function ‘cv::v_reg<_Tp, n> cv::operator~(const cv::v_reg<_Tp, n>&)’:
/root/opencv/modules/core/include/opencv2/core/hal/intrin_cpp.hpp:457:5: warning: this ‘for’ clause does not guard... [-Wmisleading-indentation]
     for( int i = 0; i < n; i++ )
     ^~~
/root/opencv/modules/core/include/opencv2/core/hal/intrin_cpp.hpp:459:9: note: ...this statement, but the latter is misleadingly indented as if it were guarded by the ‘for’
         return c;
         ^~~~~~
make: *** [Makefile:163: all] Error 2
In file included from /usr/include/c++/8/bits/stl_algo.h:59,
                 from /usr/include/c++/8/algorithm:62,
                 from /root/opencv/modules/core/include/opencv2/core/base.hpp:53,
                 from /root/opencv/modules/core/include/opencv2/core.hpp:54,
                 from /root/opencv/modules/core/include/opencv2/core/utility.hpp:52,
                 from /root/opencv/build/modules/core/precomp.hpp:49:
/usr/include/c++/8/cstdlib:75:15: fatal error: stdlib.h: No such file or directory
 #include_next <stdlib.h>
               ^~~~~~~~~~
compilation terminated.
make[2]: *** [modules/core/CMakeFiles/pch_Generate_opencv_core.dir/build.make:64: modules/core/precomp.hpp.gch/opencv_core_RELEASE.gch] Error 1
make[1]: *** [CMakeFiles/Makefile2:2284: modules/core/CMakeFiles/pch_Generate_opencv_core.dir/all] Error 2
make: *** [Makefile:163: all] Error 2
